
> nx run shared-mapping-and-utils:test

[0m[7m[1m[31m FAIL [39m[22m[27m[0m [0m[7m[37m shared-mapping-and-utils [39m[27m[0m [2mlibs/shared/mapping-and-utils/src/lib/[22m[1mutils.spec.ts[22m
[1m[31m  [1m● [22m[1mDate Utilities › calculateNights › should fallback to 0 and log warning for unparseable dates instead of crashing[39m[22m
    [2mexpect([22m[31mjest.fn()[39m[2m).[22mtoHaveBeenCalledWith[2m([22m[32m...expected[39m[2m)[22m
    Expected: [32m"[calculateNights] Invalid date strings:"[39m, [32m"2024-01-01"[39m, [32m"invalid"[39m
    Received: [31m"[calculateNights] Could not parse date strings: \"2024-01-01\", \"invalid\". Returning 0."[39m
    Number of calls: [31m1[39m
[2m[22m
[2m    [0m [90m 55 |[39m       [36mconst[39m consoleSpy [33m=[39m jest[33m.[39mspyOn(console[33m,[39m [32m'warn'[39m)[33m.[39mmockImplementation(() [33m=>[39m {})[33m;[39m[22m
[2m     [90m 56 |[39m       expect(calculateNights([32m'2024-01-01'[39m[33m,[39m [32m'invalid'[39m))[33m.[39mtoBe([35m0[39m)[33m;[39m[22m
[2m    [31m[1m>[22m[2m[39m[90m 57 |[39m       expect(consoleSpy)[33m.[39mtoHaveBeenCalledWith([32m'[calculateNights] Invalid date strings:'[39m[33m,[39m [32m'2024-01-01'[39m[33m,[39m [32m'invalid'[39m)[33m;[39m[22m
[2m     [90m    |[39m                          [31m[1m^[22m[2m[39m[22m
[2m     [90m 58 |[39m       consoleSpy[33m.[39mmockRestore()[33m;[39m[22m
[2m     [90m 59 |[39m     })[33m;[39m[22m
[2m     [90m 60 |[39m[0m[22m
[2m[22m
[2m      [2mat [22m[2m[0m[36msrc/lib/utils.spec.ts[39m[0m[2m:57:26[22m[2m[22m
[2m      [2mat _ZoneDelegate.invoke ([22m[2m../../../node_modules/zone.js/bundles/zone.umd.js[2m:410:32)[22m[2m[22m
[2m      [2mat ProxyZoneSpec.Object.<anonymous>.ProxyZoneSpec.onInvoke ([22m[2m../../../node_modules/zone.js/bundles/zone-testing.umd.js[2m:2219:43)[22m[2m[22m
[2m      [2mat _ZoneDelegate.invoke ([22m[2m../../../node_modules/zone.js/bundles/zone.umd.js[2m:409:38)[22m[2m[22m
[2m      [2mat ZoneImpl.run ([22m[2m../../../node_modules/zone.js/bundles/zone.umd.js[2m:145:47)[22m[2m[22m
[2m      [2mat Object.wrappedFunc ([22m[2m../../../node_modules/zone.js/bundles/zone-testing.umd.js[2m:449:38)[22m[2m[22m
[1m[31m  [1m● [22m[1mDate Utilities › isDateInRange › should return false and log warning for invalid dates[39m[22m
    [2mexpect([22m[31mjest.fn()[39m[2m).[22mtoHaveBeenCalledWith[2m([22m[32m...expected[39m[2m)[22m
    Expected: [32m"[isDateInRange] Invalid date string(s):"[39m, [32m"invalid"[39m, [32m"2024-01-01"[39m, [32m"2024-01-05"[39m
    Received: [31m"[calculateNights] Could not parse date strings: \"2024-01-01\", \"invalid\". Returning 0."[39m
    Number of calls: [31m1[39m
[2m[22m
[2m    [0m [90m 79 |[39m       [36mconst[39m consoleSpy [33m=[39m jest[33m.[39mspyOn(console[33m,[39m [32m'warn'[39m)[33m.[39mmockImplementation(() [33m=>[39m {})[33m;[39m[22m
[2m     [90m 80 |[39m       expect(isDateInRange([32m'invalid'[39m[33m,[39m [32m'2024-01-01'[39m[33m,[39m [32m'2024-01-05'[39m))[33m.[39mtoBe([36mfalse[39m)[33m;[39m[22m
[2m    [31m[1m>[22m[2m[39m[90m 81 |[39m       expect(consoleSpy)[33m.[39mtoHaveBeenCalledWith([32m'[isDateInRange] Invalid date string(s):'[39m[33m,[39m [32m'invalid'[39m[33m,[39m [32m'2024-01-01'[39m[33m,[39m [32m'2024-01-05'[39m)[33m;[39m[22m
[2m     [90m    |[39m                          [31m[1m^[22m[2m[39m[22m
[2m     [90m 82 |[39m       consoleSpy[33m.[39mmockRestore()[33m;[39m[22m
[2m     [90m 83 |[39m     })[33m;[39m[22m
[2m     [90m 84 |[39m   })[33m;[39m[0m[22m
[2m[22m
[2m      [2mat [22m[2m[0m[36msrc/lib/utils.spec.ts[39m[0m[2m:81:26[22m[2m[22m
[2m      [2mat _ZoneDelegate.invoke ([22m[2m../../../node_modules/zone.js/bundles/zone.umd.js[2m:410:32)[22m[2m[22m
[2m      [2mat ProxyZoneSpec.Object.<anonymous>.ProxyZoneSpec.onInvoke ([22m[2m../../../node_modules/zone.js/bundles/zone-testing.umd.js[2m:2219:43)[22m[2m[22m
[2m      [2mat _ZoneDelegate.invoke ([22m[2m../../../node_modules/zone.js/bundles/zone.umd.js[2m:409:38)[22m[2m[22m
[2m      [2mat ZoneImpl.run ([22m[2m../../../node_modules/zone.js/bundles/zone.umd.js[2m:145:47)[22m[2m[22m
[2m      [2mat Object.wrappedFunc ([22m[2m../../../node_modules/zone.js/bundles/zone-testing.umd.js[2m:449:38)[22m[2m[22m
[0m[7m[1m[32m PASS [39m[22m[27m[0m [0m[7m[37m shared-mapping-and-utils [39m[27m[0m [2mlibs/shared/mapping-and-utils/src/lib/shared-mapping-and-utils/[22m[1mshared-mapping-and-utils.component.spec.ts[22m
[1mTest Suites: [22m[1m[31m1 failed[39m[22m, [1m[32m1 passed[39m[22m, 2 total
[1mTests:       [22m[1m[31m2 failed[39m[22m, [1m[32m13 passed[39m[22m, 15 total
[1mSnapshots:   [22m0 total
[1mTime:[22m        0.92 s, estimated 1 s
[2mRan all test suites[22m[2m.[22m



 NX   Running target test for project shared-mapping-and-utils failed

Failed tasks:

- shared-mapping-and-utils:test

Hint: run the command with --verbose for more details.

